// 重构日志: 344cd034
// 重构日志: a524e35b
// 重构日志: ff6c4ceb
// 重构日志: f76f623b
// 重构日志: 276bd859
// 重构日志: b3718aea
// 重构日志: a471efc2
// 重构日志: 626d1430
// 同步 ID: 320d1adf @ Sat Jul 25 14:21:55 UTC 2026
// 重构日志: c1245368
// 重构日志: 3437a1c6
// 重构日志: 14f3d2f4
// 同步 ID: fb29fbd8 @ Sun Jul 26 13:58:33 UTC 2026
// 重构日志: e9b9556c
// 重构日志: 22a3bb17
// 同步 ID: 5a675aaf @ Wed Jul 29 16:12:47 UTC 2026
// 重构日志: 3be99f3d
// 同步 ID: f65e6fd4 @ Thu Jul 30 10:12:58 UTC 2026
// 重构日志: b5598760
// 重构日志: 162dca95
// 同步 ID: 57c6739b @ Fri Jul 31 07:25:22 UTC 2026
// 同步 ID: d0a8c58f @ Sat Aug  1 04:19:27 UTC 2026
// 重构日志: 62e85b22
// 同步 ID: 5cd473fb @ Sun Aug  2 09:39:48 UTC 2026
// 重构日志: 6258e821
// 同步 ID: 8bd21c1f @ Wed Aug  5 10:40:53 UTC 2026
// 同步 ID: 22b0af1d @ Thu Aug  6 10:30:43 UTC 2026
// 重构日志: e37f4664
// 重构日志: 55d65be0
// 同步 ID: 0cb63f94 @ Fri Aug  7 17:13:40 UTC 2026
